Archive member included because of file (symbol)

/usr/local/avr/lib/gcc/avr/4.5.1/avr5/libgcc.a(_exit.o)
                              /usr/local/avr/lib/gcc/avr/4.5.1/../../../../avr/lib/avr5/crtm32u4.o (exit)

Memory Configuration

Name             Origin             Length             Attributes
text             0x0000000000000000 0x0000000000020000 xr
data             0x0000000000800060 0x000000000000ffa0 rw !x
eeprom           0x0000000000810000 0x0000000000010000 rw !x
fuse             0x0000000000820000 0x0000000000000400 rw !x
lock             0x0000000000830000 0x0000000000000400 rw !x
signature        0x0000000000840000 0x0000000000000400 rw !x
*default*        0x0000000000000000 0xffffffffffffffff

Linker script and memory map

Address of section .data set to 0x800100
LOAD /usr/local/avr/lib/gcc/avr/4.5.1/../../../../avr/lib/avr5/crtm32u4.o
LOAD OrkMain.o
LOAD OrkLib/OrkCore.o
LOAD OrkLib/OrkMotorBasic.o
LOAD /usr/local/avr/lib/gcc/avr/4.5.1/../../../../avr/lib/avr5/libm.a
LOAD /usr/local/avr/lib/gcc/avr/4.5.1/avr5/libgcc.a
LOAD /usr/local/avr/lib/gcc/avr/4.5.1/../../../../avr/lib/avr5/libc.a
LOAD /usr/local/avr/lib/gcc/avr/4.5.1/avr5/libgcc.a

.hash
 *(.hash)

.dynsym
 *(.dynsym)

.dynstr
 *(.dynstr)

.gnu.version
 *(.gnu.version)

.gnu.version_d
 *(.gnu.version_d)

.gnu.version_r
 *(.gnu.version_r)

.rel.init
 *(.rel.init)

.rela.init
 *(.rela.init)

.rel.text
 *(.rel.text)
 *(.rel.text.*)
 *(.rel.gnu.linkonce.t*)

.rela.text
 *(.rela.text)
 *(.rela.text.*)
 *(.rela.gnu.linkonce.t*)

.rel.fini
 *(.rel.fini)

.rela.fini
 *(.rela.fini)

.rel.rodata
 *(.rel.rodata)
 *(.rel.rodata.*)
 *(.rel.gnu.linkonce.r*)

.rela.rodata
 *(.rela.rodata)
 *(.rela.rodata.*)
 *(.rela.gnu.linkonce.r*)

.rel.data
 *(.rel.data)
 *(.rel.data.*)
 *(.rel.gnu.linkonce.d*)

.rela.data
 *(.rela.data)
 *(.rela.data.*)
 *(.rela.gnu.linkonce.d*)

.rel.ctors
 *(.rel.ctors)

.rela.ctors
 *(.rela.ctors)

.rel.dtors
 *(.rel.dtors)

.rela.dtors
 *(.rela.dtors)

.rel.got
 *(.rel.got)

.rela.got
 *(.rela.got)

.rel.bss
 *(.rel.bss)

.rela.bss
 *(.rela.bss)

.rel.plt
 *(.rel.plt)

.rela.plt
 *(.rela.plt)

.text           0x0000000000000000      0x224
 *(.vectors)
 .vectors       0x0000000000000000       0xac /usr/local/avr/lib/gcc/avr/4.5.1/../../../../avr/lib/avr5/crtm32u4.o
                0x0000000000000000                __vectors
                0x0000000000000000                __vector_default
 *(.vectors)
 *(.progmem.gcc*)
 *(.progmem*)
                0x00000000000000ac                . = ALIGN (0x2)
                0x00000000000000ac                __trampolines_start = .
 *(.trampolines)
 .trampolines   0x00000000000000ac        0x0 linker stubs
 *(.trampolines*)
                0x00000000000000ac                __trampolines_end = .
 *(.jumptables)
 *(.jumptables*)
 *(.lowtext)
 *(.lowtext*)
                0x00000000000000ac                __ctors_start = .
 *(.ctors)
                0x00000000000000ac                __ctors_end = .
                0x00000000000000ac                __dtors_start = .
 *(.dtors)
                0x00000000000000ac                __dtors_end = .
 SORT(*)(.ctors)
 SORT(*)(.dtors)
 *(.init0)
 .init0         0x00000000000000ac        0x0 /usr/local/avr/lib/gcc/avr/4.5.1/../../../../avr/lib/avr5/crtm32u4.o
                0x00000000000000ac                __init
 *(.init0)
 *(.init1)
 *(.init1)
 *(.init2)
 .init2         0x00000000000000ac        0xc /usr/local/avr/lib/gcc/avr/4.5.1/../../../../avr/lib/avr5/crtm32u4.o
 *(.init2)
 *(.init3)
 *(.init3)
 *(.init4)
 *(.init4)
 *(.init5)
 *(.init5)
 *(.init6)
 *(.init6)
 *(.init7)
 *(.init7)
 *(.init8)
 *(.init8)
 *(.init9)
 .init9         0x00000000000000b8        0x8 /usr/local/avr/lib/gcc/avr/4.5.1/../../../../avr/lib/avr5/crtm32u4.o
 *(.init9)
 *(.text)
 .text          0x00000000000000c0        0x4 /usr/local/avr/lib/gcc/avr/4.5.1/../../../../avr/lib/avr5/crtm32u4.o
                0x00000000000000c0                __vector_38
                0x00000000000000c0                __vector_22
                0x00000000000000c0                __vector_28
                0x00000000000000c0                __vector_1
                0x00000000000000c0                __vector_32
                0x00000000000000c0                __vector_34
                0x00000000000000c0                __vector_24
                0x00000000000000c0                __vector_12
                0x00000000000000c0                __bad_interrupt
                0x00000000000000c0                __vector_6
                0x00000000000000c0                __vector_31
                0x00000000000000c0                __vector_35
                0x00000000000000c0                __vector_39
                0x00000000000000c0                __vector_3
                0x00000000000000c0                __vector_23
                0x00000000000000c0                __vector_30
                0x00000000000000c0                __vector_25
                0x00000000000000c0                __vector_11
                0x00000000000000c0                __vector_13
                0x00000000000000c0                __vector_17
                0x00000000000000c0                __vector_19
                0x00000000000000c0                __vector_7
                0x00000000000000c0                __vector_41
                0x00000000000000c0                __vector_27
                0x00000000000000c0                __vector_5
                0x00000000000000c0                __vector_33
                0x00000000000000c0                __vector_37
                0x00000000000000c0                __vector_4
                0x00000000000000c0                __vector_9
                0x00000000000000c0                __vector_2
                0x00000000000000c0                __vector_21
                0x00000000000000c0                __vector_15
                0x00000000000000c0                __vector_36
                0x00000000000000c0                __vector_29
                0x00000000000000c0                __vector_40
                0x00000000000000c0                __vector_8
                0x00000000000000c0                __vector_26
                0x00000000000000c0                __vector_14
                0x00000000000000c0                __vector_10
                0x00000000000000c0                __vector_16
                0x00000000000000c0                __vector_18
                0x00000000000000c0                __vector_20
                0x00000000000000c0                __vector_42
 .text          0x00000000000000c4       0x34 OrkMain.o
                0x00000000000000c4                main
 .text          0x00000000000000f8       0x94 OrkLib/OrkCore.o
                0x00000000000000f8                initializeCore
                0x0000000000000110                readDigitalPin
                0x000000000000016e                readLineSensor
                0x0000000000000174                readProxSensor
                0x000000000000017a                ledOff
                0x000000000000017e                ledOn
                0x0000000000000182                ledToggle
 .text          0x000000000000018c       0x94 OrkLib/OrkMotorBasic.o
                0x000000000000018c                initializeMotorDriver
                0x00000000000001e0                setMotor
 .text          0x0000000000000220        0x0 /usr/local/avr/lib/gcc/avr/4.5.1/avr5/libgcc.a(_exit.o)
                0x0000000000000220                . = ALIGN (0x2)
 *(.text.*)
 .text.libgcc   0x0000000000000220        0x0 /usr/local/avr/lib/gcc/avr/4.5.1/avr5/libgcc.a(_exit.o)
                0x0000000000000220                . = ALIGN (0x2)
 *(.fini9)
 .fini9         0x0000000000000220        0x0 /usr/local/avr/lib/gcc/avr/4.5.1/avr5/libgcc.a(_exit.o)
                0x0000000000000220                exit
                0x0000000000000220                _exit
 *(.fini9)
 *(.fini8)
 *(.fini8)
 *(.fini7)
 *(.fini7)
 *(.fini6)
 *(.fini6)
 *(.fini5)
 *(.fini5)
 *(.fini4)
 *(.fini4)
 *(.fini3)
 *(.fini3)
 *(.fini2)
 *(.fini2)
 *(.fini1)
 *(.fini1)
 *(.fini0)
 .fini0         0x0000000000000220        0x4 /usr/local/avr/lib/gcc/avr/4.5.1/avr5/libgcc.a(_exit.o)
 *(.fini0)
                0x0000000000000224                _etext = .

.data           0x0000000000800100        0x0 load address 0x0000000000000224
                0x0000000000800100                PROVIDE (__data_start, .)
 *(.data)
 .data          0x0000000000800100        0x0 /usr/local/avr/lib/gcc/avr/4.5.1/../../../../avr/lib/avr5/crtm32u4.o
 .data          0x0000000000800100        0x0 OrkMain.o
 .data          0x0000000000800100        0x0 OrkLib/OrkCore.o
 .data          0x0000000000800100        0x0 OrkLib/OrkMotorBasic.o
 .data          0x0000000000800100        0x0 /usr/local/avr/lib/gcc/avr/4.5.1/avr5/libgcc.a(_exit.o)
 *(.data*)
 *(.rodata)
 *(.rodata*)
 *(.gnu.linkonce.d*)
                0x0000000000800100                . = ALIGN (0x2)
                0x0000000000800100                _edata = .
                0x0000000000800100                PROVIDE (__data_end, .)

.bss            0x0000000000800100        0x0
                0x0000000000800100                PROVIDE (__bss_start, .)
 *(.bss)
 .bss           0x0000000000800100        0x0 /usr/local/avr/lib/gcc/avr/4.5.1/../../../../avr/lib/avr5/crtm32u4.o
 .bss           0x0000000000800100        0x0 OrkMain.o
 .bss           0x0000000000800100        0x0 OrkLib/OrkCore.o
 .bss           0x0000000000800100        0x0 OrkLib/OrkMotorBasic.o
 .bss           0x0000000000800100        0x0 /usr/local/avr/lib/gcc/avr/4.5.1/avr5/libgcc.a(_exit.o)
 *(.bss*)
 *(COMMON)
                0x0000000000800100                PROVIDE (__bss_end, .)
                0x0000000000000224                __data_load_start = LOADADDR (.data)
                0x0000000000000224                __data_load_end = (__data_load_start + SIZEOF (.data))

.noinit         0x0000000000800100        0x0
                0x0000000000800100                PROVIDE (__noinit_start, .)
 *(.noinit*)
                0x0000000000800100                PROVIDE (__noinit_end, .)
                0x0000000000800100                _end = .
                0x0000000000800100                PROVIDE (__heap_start, .)

.eeprom         0x0000000000810000        0x0
 *(.eeprom*)
                0x0000000000810000                __eeprom_end = .

.fuse
 *(.fuse)
 *(.lfuse)
 *(.hfuse)
 *(.efuse)

.lock
 *(.lock*)

.signature
 *(.signature*)

.stab           0x0000000000000000      0x6cc
 *(.stab)
 .stab          0x0000000000000000      0x6cc /usr/local/avr/lib/gcc/avr/4.5.1/../../../../avr/lib/avr5/crtm32u4.o

.stabstr        0x0000000000000000       0x70
 *(.stabstr)
 .stabstr       0x0000000000000000       0x70 /usr/local/avr/lib/gcc/avr/4.5.1/../../../../avr/lib/avr5/crtm32u4.o

.stab.excl
 *(.stab.excl)

.stab.exclstr
 *(.stab.exclstr)

.stab.index
 *(.stab.index)

.stab.indexstr
 *(.stab.indexstr)

.comment
 *(.comment)

.debug
 *(.debug)

.line
 *(.line)

.debug_srcinfo
 *(.debug_srcinfo)

.debug_sfnames
 *(.debug_sfnames)

.debug_aranges  0x0000000000000000       0x60
 *(.debug_aranges)
 .debug_aranges
                0x0000000000000000       0x20 OrkMain.o
 .debug_aranges
                0x0000000000000020       0x20 OrkLib/OrkCore.o
 .debug_aranges
                0x0000000000000040       0x20 OrkLib/OrkMotorBasic.o

.debug_pubnames
                0x0000000000000000       0xd5
 *(.debug_pubnames)
 .debug_pubnames
                0x0000000000000000       0x1b OrkMain.o
 .debug_pubnames
                0x000000000000001b       0x81 OrkLib/OrkCore.o
 .debug_pubnames
                0x000000000000009c       0x39 OrkLib/OrkMotorBasic.o

.debug_info     0x0000000000000000      0x35e
 *(.debug_info)
 .debug_info    0x0000000000000000      0x12d OrkMain.o
 .debug_info    0x000000000000012d      0x152 OrkLib/OrkCore.o
 .debug_info    0x000000000000027f       0xdf OrkLib/OrkMotorBasic.o
 *(.gnu.linkonce.wi.*)

.debug_abbrev   0x0000000000000000      0x1c9
 *(.debug_abbrev)
 .debug_abbrev  0x0000000000000000       0xcb OrkMain.o
 .debug_abbrev  0x00000000000000cb       0x72 OrkLib/OrkCore.o
 .debug_abbrev  0x000000000000013d       0x8c OrkLib/OrkMotorBasic.o

.debug_line     0x0000000000000000      0x466
 *(.debug_line)
 .debug_line    0x0000000000000000      0x12d OrkMain.o
 .debug_line    0x000000000000012d      0x1a4 OrkLib/OrkCore.o
 .debug_line    0x00000000000002d1      0x195 OrkLib/OrkMotorBasic.o

.debug_frame    0x0000000000000000       0xd0
 *(.debug_frame)
 .debug_frame   0x0000000000000000       0x20 OrkMain.o
 .debug_frame   0x0000000000000020       0x80 OrkLib/OrkCore.o
 .debug_frame   0x00000000000000a0       0x30 OrkLib/OrkMotorBasic.o

.debug_str      0x0000000000000000      0x1b5
 *(.debug_str)
 .debug_str     0x0000000000000000       0xca OrkMain.o
                                        0x103 (size before relaxing)
 .debug_str     0x00000000000000ca       0x8d OrkLib/OrkCore.o
                                        0x10d (size before relaxing)
 .debug_str     0x0000000000000157       0x5e OrkLib/OrkMotorBasic.o
                                        0x103 (size before relaxing)

.debug_loc      0x0000000000000000       0xf6
 *(.debug_loc)
 .debug_loc     0x0000000000000000       0x86 OrkLib/OrkCore.o
 .debug_loc     0x0000000000000086       0x70 OrkLib/OrkMotorBasic.o

.debug_macinfo
 *(.debug_macinfo)
OUTPUT(orktest.elf elf32-avr)
LOAD linker stubs

.debug_pubtypes
                0x0000000000000000       0x8a
 .debug_pubtypes
                0x0000000000000000       0x38 OrkMain.o
 .debug_pubtypes
                0x0000000000000038       0x27 OrkLib/OrkCore.o
 .debug_pubtypes
                0x000000000000005f       0x2b OrkLib/OrkMotorBasic.o

Cross Reference Table

Symbol                                            File
__bad_interrupt                                   /usr/local/avr/lib/gcc/avr/4.5.1/../../../../avr/lib/avr5/crtm32u4.o
__heap_end                                        /usr/local/avr/lib/gcc/avr/4.5.1/../../../../avr/lib/avr5/crtm32u4.o
__init                                            /usr/local/avr/lib/gcc/avr/4.5.1/../../../../avr/lib/avr5/crtm32u4.o
__stack                                           /usr/local/avr/lib/gcc/avr/4.5.1/../../../../avr/lib/avr5/crtm32u4.o
__vector_1                                        /usr/local/avr/lib/gcc/avr/4.5.1/../../../../avr/lib/avr5/crtm32u4.o
__vector_10                                       /usr/local/avr/lib/gcc/avr/4.5.1/../../../../avr/lib/avr5/crtm32u4.o
__vector_11                                       /usr/local/avr/lib/gcc/avr/4.5.1/../../../../avr/lib/avr5/crtm32u4.o
__vector_12                                       /usr/local/avr/lib/gcc/avr/4.5.1/../../../../avr/lib/avr5/crtm32u4.o
__vector_13                                       /usr/local/avr/lib/gcc/avr/4.5.1/../../../../avr/lib/avr5/crtm32u4.o
__vector_14                                       /usr/local/avr/lib/gcc/avr/4.5.1/../../../../avr/lib/avr5/crtm32u4.o
__vector_15                                       /usr/local/avr/lib/gcc/avr/4.5.1/../../../../avr/lib/avr5/crtm32u4.o
__vector_16                                       /usr/local/avr/lib/gcc/avr/4.5.1/../../../../avr/lib/avr5/crtm32u4.o
__vector_17                                       /usr/local/avr/lib/gcc/avr/4.5.1/../../../../avr/lib/avr5/crtm32u4.o
__vector_18                                       /usr/local/avr/lib/gcc/avr/4.5.1/../../../../avr/lib/avr5/crtm32u4.o
__vector_19                                       /usr/local/avr/lib/gcc/avr/4.5.1/../../../../avr/lib/avr5/crtm32u4.o
__vector_2                                        /usr/local/avr/lib/gcc/avr/4.5.1/../../../../avr/lib/avr5/crtm32u4.o
__vector_20                                       /usr/local/avr/lib/gcc/avr/4.5.1/../../../../avr/lib/avr5/crtm32u4.o
__vector_21                                       /usr/local/avr/lib/gcc/avr/4.5.1/../../../../avr/lib/avr5/crtm32u4.o
__vector_22                                       /usr/local/avr/lib/gcc/avr/4.5.1/../../../../avr/lib/avr5/crtm32u4.o
__vector_23                                       /usr/local/avr/lib/gcc/avr/4.5.1/../../../../avr/lib/avr5/crtm32u4.o
__vector_24                                       /usr/local/avr/lib/gcc/avr/4.5.1/../../../../avr/lib/avr5/crtm32u4.o
__vector_25                                       /usr/local/avr/lib/gcc/avr/4.5.1/../../../../avr/lib/avr5/crtm32u4.o
__vector_26                                       /usr/local/avr/lib/gcc/avr/4.5.1/../../../../avr/lib/avr5/crtm32u4.o
__vector_27                                       /usr/local/avr/lib/gcc/avr/4.5.1/../../../../avr/lib/avr5/crtm32u4.o
__vector_28                                       /usr/local/avr/lib/gcc/avr/4.5.1/../../../../avr/lib/avr5/crtm32u4.o
__vector_29                                       /usr/local/avr/lib/gcc/avr/4.5.1/../../../../avr/lib/avr5/crtm32u4.o
__vector_3                                        /usr/local/avr/lib/gcc/avr/4.5.1/../../../../avr/lib/avr5/crtm32u4.o
__vector_30                                       /usr/local/avr/lib/gcc/avr/4.5.1/../../../../avr/lib/avr5/crtm32u4.o
__vector_31                                       /usr/local/avr/lib/gcc/avr/4.5.1/../../../../avr/lib/avr5/crtm32u4.o
__vector_32                                       /usr/local/avr/lib/gcc/avr/4.5.1/../../../../avr/lib/avr5/crtm32u4.o
__vector_33                                       /usr/local/avr/lib/gcc/avr/4.5.1/../../../../avr/lib/avr5/crtm32u4.o
__vector_34                                       /usr/local/avr/lib/gcc/avr/4.5.1/../../../../avr/lib/avr5/crtm32u4.o
__vector_35                                       /usr/local/avr/lib/gcc/avr/4.5.1/../../../../avr/lib/avr5/crtm32u4.o
__vector_36                                       /usr/local/avr/lib/gcc/avr/4.5.1/../../../../avr/lib/avr5/crtm32u4.o
__vector_37                                       /usr/local/avr/lib/gcc/avr/4.5.1/../../../../avr/lib/avr5/crtm32u4.o
__vector_38                                       /usr/local/avr/lib/gcc/avr/4.5.1/../../../../avr/lib/avr5/crtm32u4.o
__vector_39                                       /usr/local/avr/lib/gcc/avr/4.5.1/../../../../avr/lib/avr5/crtm32u4.o
__vector_4                                        /usr/local/avr/lib/gcc/avr/4.5.1/../../../../avr/lib/avr5/crtm32u4.o
__vector_40                                       /usr/local/avr/lib/gcc/avr/4.5.1/../../../../avr/lib/avr5/crtm32u4.o
__vector_41                                       /usr/local/avr/lib/gcc/avr/4.5.1/../../../../avr/lib/avr5/crtm32u4.o
__vector_42                                       /usr/local/avr/lib/gcc/avr/4.5.1/../../../../avr/lib/avr5/crtm32u4.o
__vector_5                                        /usr/local/avr/lib/gcc/avr/4.5.1/../../../../avr/lib/avr5/crtm32u4.o
__vector_6                                        /usr/local/avr/lib/gcc/avr/4.5.1/../../../../avr/lib/avr5/crtm32u4.o
__vector_7                                        /usr/local/avr/lib/gcc/avr/4.5.1/../../../../avr/lib/avr5/crtm32u4.o
__vector_8                                        /usr/local/avr/lib/gcc/avr/4.5.1/../../../../avr/lib/avr5/crtm32u4.o
__vector_9                                        /usr/local/avr/lib/gcc/avr/4.5.1/../../../../avr/lib/avr5/crtm32u4.o
__vector_default                                  /usr/local/avr/lib/gcc/avr/4.5.1/../../../../avr/lib/avr5/crtm32u4.o
__vectors                                         /usr/local/avr/lib/gcc/avr/4.5.1/../../../../avr/lib/avr5/crtm32u4.o
_exit                                             /usr/local/avr/lib/gcc/avr/4.5.1/avr5/libgcc.a(_exit.o)
exit                                              /usr/local/avr/lib/gcc/avr/4.5.1/avr5/libgcc.a(_exit.o)
                                                  /usr/local/avr/lib/gcc/avr/4.5.1/../../../../avr/lib/avr5/crtm32u4.o
initializeCore                                    OrkLib/OrkCore.o
                                                  OrkMain.o
initializeMotorDriver                             OrkLib/OrkMotorBasic.o
                                                  OrkLib/OrkCore.o
ledOff                                            OrkLib/OrkCore.o
ledOn                                             OrkLib/OrkCore.o
ledToggle                                         OrkLib/OrkCore.o
main                                              OrkMain.o
                                                  /usr/local/avr/lib/gcc/avr/4.5.1/../../../../avr/lib/avr5/crtm32u4.o
readDigitalPin                                    OrkLib/OrkCore.o
readLineSensor                                    OrkLib/OrkCore.o
readProxSensor                                    OrkLib/OrkCore.o
setMotor                                          OrkLib/OrkMotorBasic.o
                                                  OrkMain.o
